22:47:31 **** Incremental Build of configuration Debug for project practica1 ****
make -j8 all 
arm-none-eabi-gcc "../Src/main.c" -mcpu=cortex-m4 -std=gnu11 -g3 -DDEBUG -DSTM32 -DSTM32F429ZITx -DSTM32F4 -DNUCLEO_F429ZI -DUSE_HAL_DRIVER -DSTM32F429xx -c -I../Inc -I"/home/amilcar/Desktop/clase microcontroladores/PdM_AmilcarRincon/practica1/Drivers/STM32F4xx_HAL_Driver/Inc" -I"/home/amilcar/Desktop/clase microcontroladores/PdM_AmilcarRincon/practica1/Drivers/CMSIS/Include" -I"/home/amilcar/Desktop/clase microcontroladores/PdM_AmilcarRincon/practica1/Drivers/CMSIS/Device/ST/STM32F4xx/Include" -I"/home/amilcar/Desktop/clase microcontroladores/PdM_AmilcarRincon/practica1/Drivers/BSP/STM32F4xx_Nucleo_144" -I"/home/amilcar/Desktop/clase microcontroladores/PdM_AmilcarRincon/practica1/Drivers/Core/Inc" -O0 -ffunction-sections -fdata-sections -Wall -fstack-usage -MMD -MP -MF"Src/main.d" -MT"Src/main.o" --specs=nano.specs -mfpu=fpv4-sp-d16 -mfloat-abi=hard -mthumb -o "Src/main.o"
arm-none-eabi-gcc -o "practica1.elf" @"objects.list"   -mcpu=cortex-m4 -T"/home/amilcar/Desktop/clase microcontroladores/PdM_AmilcarRincon/practica1/STM32F429ZITX_FLASH.ld" --specs=nosys.specs -Wl,-Map="practica1.map" -Wl,--gc-sections -static --specs=nano.specs -mfpu=fpv4-sp-d16 -mfloat-abi=hard -mthumb -Wl,--start-group -lc -lm -Wl,--end-group
Finished building target: practica1.elf
 
arm-none-eabi-size   practica1.elf 
arm-none-eabi-objdump -h -S  practica1.elf  > "practica1.list"
   text	   data	    bss	    dec	    hex	filename
   6740	     40	   1576	   8356	   20a4	practica1.elf
Finished building: default.size.stdout
 
Finished building: practica1.list
 
22:47:40 **** Incremental Build of configuration Debug for project practica1 ****
make -j8 all 
arm-none-eabi-size   practica1.elf 
   text	   data	    bss	    dec	    hex	filename
   6740	     40	   1576	   8356	   20a4	practica1.elf
Finished building: default.size.stdout
 
22:47:51 **** Incremental Build of configuration Debug for project practica1 ****
make -j8 all 
arm-none-eabi-size   practica1.elf 
   text	   data	    bss	    dec	    hex	filename
   6740	     40	   1576	   8356	   20a4	practica1.elf
Finished building: default.size.stdout
 
